Archive member included because of file (symbol)

/usr/lib/gcc/arm-none-eabi/4.9.3/libgcc.a(_udivsi3.o)
                              binaries/qsort.o (__aeabi_uidiv)
/usr/lib/gcc/arm-none-eabi/4.9.3/libgcc.a(_divsi3.o)
                              binaries/xsh_help.o (__aeabi_idiv)
/usr/lib/gcc/arm-none-eabi/4.9.3/libgcc.a(_dvmd_tls.o)
                              /usr/lib/gcc/arm-none-eabi/4.9.3/libgcc.a(_udivsi3.o) (__aeabi_idiv0)

Allocating common symbols
Common symbol       size              file

netbufpool          0x4               binaries/net.o
readylist           0x2               binaries/ready.o
rfltab              0x5a0             binaries/rflinit.o
sleepq              0x2               binaries/clkinit.o
n                   0x4               binaries/xsh_memmanage.o
intc_vector         0x200             binaries/evec.o
nnames              0x4               binaries/naminit.o
udptab              0x168             binaries/udp.o
minheap             0x4               binaries/meminit.o
marks               0x50              binaries/mark.o
currpid             0x4               binaries/initialize.o
Lf_data             0x20c             binaries/lfsinit.o
porttab             0x2d0             binaries/ptinit.o
ttytab              0x10c             binaries/ttyinit.o
f_queue             0x4               binaries/xsh_own_net.o
proctab             0x15e0            binaries/initialize.o
eth_a_regs          0x1c              binaries/ethinit.o
prcount             0x4               binaries/initialize.o
prptr               0x4               binaries/xsh_memmanage.o
lfltab              0xf00             binaries/lflinit.o
rdstab              0x8c              binaries/rdsinit.o
ethertab            0x138             binaries/ethinit.o
stack_ptr           0x4               binaries/xsh_memmanage.o
nsaddr              0x4               binaries/dns.o
NetData             0xa8              binaries/net.o
nmarks              0x4               binaries/mark.o
Defer               0x8               binaries/resched.o
semtab              0x4b0             binaries/initialize.o
maxheap             0x4               binaries/meminit.o
preempt             0x4               binaries/clkinit.o
buftab              0xf0              binaries/bufinit.o
Rf_data             0x18              binaries/rfsinit.o
stacklen            0x4               binaries/xsh_memmanage.o
f_shared            0x4               binaries/xsh_own_net.o
mkmutex             0x4               binaries/mark.o
clktime             0x4               binaries/clkinit.o
cpudelay            0x4               binaries/main.o
arpcache            0x180             binaries/clkhandler.o
icmptab             0x230             binaries/icmp.o
nbpools             0x4               binaries/bufinit.o
queuetab            0x980             binaries/queue.o
ptnextid            0x4               binaries/ptinit.o
Ram                 0x19000           binaries/raminit.o
f_exclusive         0x4               binaries/xsh_own_net.o
ipoqueue            0x2c              binaries/ip.o
consumed            0x4               binaries/xsh_prodcons.o
memlist             0x8               binaries/initialize.o
produced            0x4               binaries/xsh_prodcons.o
nametab             0x19a0            binaries/naminit.o
ptfree              0x4               binaries/ptinit.o

Memory Configuration

Name             Origin             Length             Attributes
*default*        0x0000000000000000 0xffffffffffffffff

Linker script and memory map

                0x0000000081000000                physbase = 0x81000000
                0x0000000081000000                . = physbase
                0x0000000081000000                . = ALIGN (0x1000)

.text           0x0000000081000000    0x18000
                0x0000000081000000                text = ABSOLUTE (.)
 *(.text .text.*)
 .text          0x0000000081000000       0x4c binaries/start.o
                0x0000000081000000                start
 .text          0x000000008100004c      0x370 binaries/ascdate.o
                0x000000008100004c                ascdate
 .text          0x00000000810003bc       0x18 binaries/bufinit.o
                0x00000000810003bc                bufinit
 .text          0x00000000810003d4       0x70 binaries/chprio.o
                0x00000000810003d4                chprio
 .text          0x0000000081000444      0x144 binaries/clkhandler.o
                0x0000000081000444                deleteArp
                0x0000000081000494                clkhandler
 .text          0x0000000081000588       0xd4 binaries/clkinit.o
                0x0000000081000588                clkinit
 .text          0x000000008100065c       0x5c binaries/close.o
                0x000000008100065c                close
 .text          0x00000000810006b8        0x0 binaries/conf.o
 .text          0x00000000810006b8       0x70 binaries/control.o
                0x00000000810006b8                control
 .text          0x0000000081000728      0x2c0 binaries/create.o
                0x0000000081000728                create
 .text          0x00000000810009e8       0xb0 binaries/evec.o
                0x00000000810009e8                initintc
                0x0000000081000a14                set_evec
                0x0000000081000a54                irq_dispatch
 .text          0x0000000081000a98       0x10 binaries/exit.o
                0x0000000081000a98                exit
 .text          0x0000000081000aa8       0xcc binaries/f_queue.o
                0x0000000081000aa8                fenqueue
                0x0000000081000b04                fdequeue
                0x0000000081000b64                fisempty
 .text          0x0000000081000b74       0x84 binaries/freebuf.o
                0x0000000081000b74                freebuf
 .text          0x0000000081000bf8      0x150 binaries/freemem.o
                0x0000000081000bf8                freemem
 .text          0x0000000081000d48       0x9c binaries/future_alloc.o
                0x0000000081000d48                future_alloc
 .text          0x0000000081000de4       0x60 binaries/future_free.o
                0x0000000081000de4                future_free
 .text          0x0000000081000e44      0x1f8 binaries/future_get.o
                0x0000000081000e44                future_get
 .text          0x000000008100103c      0x15c binaries/future_set.o
                0x000000008100103c                future_set
 .text          0x0000000081001198       0x7c binaries/getbuf.o
                0x0000000081001198                getbuf
 .text          0x0000000081001214       0x5c binaries/getc.o
                0x0000000081001214                getc
 .text          0x0000000081001270       0x68 binaries/getdev.o
                0x0000000081001270                getdev
 .text          0x00000000810012d8       0xa0 binaries/getitem.o
                0x00000000810012d8                getitem
                0x0000000081001308                getfirst
                0x000000008100133c                getlast
 .text          0x0000000081001378      0x108 binaries/getmem.o
                0x0000000081001378                getmem
 .text          0x0000000081001480       0xcc binaries/getownstk.o
                0x0000000081001480                getownstk
 .text          0x000000008100154c       0x10 binaries/getpid.o
                0x000000008100154c                getpid
 .text          0x000000008100155c       0x5c binaries/getprio.o
                0x000000008100155c                getprio
 .text          0x00000000810015b8       0xd0 binaries/getstk.o
                0x00000000810015b8                getstk
 .text          0x0000000081001688       0x38 binaries/gettime.o
                0x0000000081001688                gettime
 .text          0x00000000810016c0      0x1c8 binaries/getutime.o
                0x00000000810016c0                getutime
 .text          0x0000000081001888       0x5c binaries/init.o
                0x0000000081001888                init
 .text          0x00000000810018e4      0x2f8 binaries/initialize.o
                0x00000000810018e4                nulluser
                0x0000000081001b7c                stop
                0x0000000081001ba0                delay
 .text          0x0000000081001bdc       0xc0 binaries/insert.o
                0x0000000081001bdc                insert
 .text          0x0000000081001c9c      0x12c binaries/insertd.o
                0x0000000081001c9c                insertd
 .text          0x0000000081001dc8        0x8 binaries/ioerr.o
                0x0000000081001dc8                ioerr
 .text          0x0000000081001dd0        0x8 binaries/ionull.o
                0x0000000081001dd0                ionull
 .text          0x0000000081001dd8      0x190 binaries/kill.o
                0x0000000081001dd8                kill
 .text          0x0000000081001f68       0xb4 binaries/kprintf.o
                0x0000000081001f68                kputc
                0x0000000081001fa8                kgetc
                0x0000000081001fdc                kprintf
 .text          0x000000008100201c      0x118 binaries/main.o
                0x000000008100201c                counterproc
                0x0000000081002058                main
 .text          0x0000000081002134       0xd0 binaries/mark.o
                0x0000000081002134                markinit
                0x0000000081002160                mark
 .text          0x0000000081002204       0x44 binaries/meminit.o
                0x0000000081002204                meminit
 .text          0x0000000081002248      0x138 binaries/mkbufpool.o
                0x0000000081002248                mkbufpool
 .text          0x0000000081002380       0x88 binaries/newqueue.o
                0x0000000081002380                newqueue
 .text          0x0000000081002408       0x68 binaries/open.o
                0x0000000081002408                open
 .text          0x0000000081002470      0x2c4 binaries/own_create.o
                0x0000000081002470                own_create
 .text          0x0000000081002734      0x108 binaries/own_getmem.o
                0x0000000081002734                own_getmem
 .text          0x000000008100283c      0x1e0 binaries/own_kill.o
                0x000000008100283c                own_kill
 .text          0x0000000081002a1c       0x20 binaries/panic.o
                0x0000000081002a1c                panic
 .text          0x0000000081002a3c       0x48 binaries/platinit.o
                0x0000000081002a3c                platinit
 .text          0x0000000081002a84       0x54 binaries/printFreeMem.o
                0x0000000081002a84                printFreeMem
 .text          0x0000000081002ad8       0xa8 binaries/ptclear.o
                0x0000000081002ad8                _ptclear
 .text          0x0000000081002b80       0x90 binaries/ptcount.o
                0x0000000081002b80                ptcount
 .text          0x0000000081002c10      0x100 binaries/ptcreate.o
                0x0000000081002c10                ptcreate
 .text          0x0000000081002d10       0x70 binaries/ptdelete.o
                0x0000000081002d10                ptdelete
 .text          0x0000000081002d80       0xbc binaries/ptinit.o
                0x0000000081002d80                ptinit
 .text          0x0000000081002e3c      0x144 binaries/ptrecv.o
                0x0000000081002e3c                ptrecv
 .text          0x0000000081002f80       0x6c binaries/ptreset.o
                0x0000000081002f80                ptreset
 .text          0x0000000081002fec      0x15c binaries/ptsend.o
                0x0000000081002fec                ptsend
 .text          0x0000000081003148       0x64 binaries/putc.o
                0x0000000081003148                putc
 .text          0x00000000810031ac       0xe0 binaries/queue.o
                0x00000000810031ac                enqueue
                0x0000000081003230                dequeue
 .text          0x000000008100328c       0x68 binaries/read.o
                0x000000008100328c                read
 .text          0x00000000810032f4       0x74 binaries/ready.o
                0x00000000810032f4                ready
 .text          0x0000000081003368       0x84 binaries/receive.o
                0x0000000081003368                receive
 .text          0x00000000810033ec       0x64 binaries/recvclr.o
                0x00000000810033ec                recvclr
 .text          0x0000000081003450       0xe0 binaries/recvtime.o
                0x0000000081003450                recvtime
 .text          0x0000000081003530      0x1d0 binaries/resched.o
                0x0000000081003530                resched
                0x000000008100364c                resched_cntl
 .text          0x0000000081003700       0x88 binaries/resume.o
                0x0000000081003700                resume
 .text          0x0000000081003788       0x64 binaries/seek.o
                0x0000000081003788                seek
 .text          0x00000000810037ec       0x58 binaries/semcount.o
                0x00000000810037ec                semcount
 .text          0x0000000081003844       0xb8 binaries/semcreate.o
                0x0000000081003844                semcreate
 .text          0x00000000810038fc       0xc8 binaries/semdelete.o
                0x00000000810038fc                semdelete
 .text          0x00000000810039c4       0xb4 binaries/semreset.o
                0x00000000810039c4                semreset
 .text          0x0000000081003a78       0xc8 binaries/send.o
                0x0000000081003a78                send
 .text          0x0000000081003b40       0x98 binaries/signal.o
                0x0000000081003b40                signal
 .text          0x0000000081003bd8       0xb8 binaries/signaln.o
                0x0000000081003bd8                signaln
 .text          0x0000000081003c90       0xd4 binaries/sleep.o
                0x0000000081003c90                sleepms
                0x0000000081003d30                sleep
 .text          0x0000000081003d64       0xd0 binaries/suspend.o
                0x0000000081003d64                suspend
 .text          0x0000000081003e34       0xa4 binaries/unsleep.o
                0x0000000081003e34                unsleep
 .text          0x0000000081003ed8       0x10 binaries/userret.o
                0x0000000081003ed8                userret
 .text          0x0000000081003ee8       0xc4 binaries/wait.o
                0x0000000081003ee8                wait
 .text          0x0000000081003fac       0x90 binaries/wakeup.o
                0x0000000081003fac                wakeup
 .text          0x000000008100403c       0x68 binaries/write.o
                0x000000008100403c                write
 .text          0x00000000810040a4       0x18 binaries/xdone.o
                0x00000000810040a4                xdone
 .text          0x00000000810040bc       0x20 binaries/yield.o
                0x00000000810040bc                yield
 .text          0x00000000810040dc        0xc binaries/abs.o
                0x00000000810040dc                abs
 .text          0x00000000810040e8      0x130 binaries/atoi.o
                0x00000000810040e8                atoi
 .text          0x0000000081004218      0x130 binaries/atol.o
                0x0000000081004218                atol
 .text          0x0000000081004348       0x20 binaries/bzero.o
                0x0000000081004348                bzero
 .text          0x0000000081004368        0x0 binaries/ctype_.o
 .text          0x0000000081004368      0x968 binaries/doprnt.o
                0x0000000081004558                _doprnt
 .text          0x0000000081004cd0      0x728 binaries/doscan.o
                0x0000000081004cd0                _doscan
 .text          0x00000000810053f8      0x8c0 binaries/fdoprnt.o
                0x00000000810054a8                _fdoprnt
 .text          0x0000000081005cb8       0x14 binaries/fgetc.o
                0x0000000081005cb8                fgetc
 .text          0x0000000081005ccc       0x84 binaries/fgets.o
                0x0000000081005ccc                fgets
 .text          0x0000000081005d50       0x3c binaries/fprintf.o
                0x0000000081005d50                fprintf
 .text          0x0000000081005d8c       0x24 binaries/fputc.o
                0x0000000081005d8c                fputc
 .text          0x0000000081005db0       0x38 binaries/fputs.o
                0x0000000081005db0                fputs
 .text          0x0000000081005de8       0x78 binaries/fscanf.o
                0x0000000081005e1c                fscanf
 .text          0x0000000081005e60       0x2c binaries/getchar.o
                0x0000000081005e60                getchar
 .text          0x0000000081005e8c        0xc binaries/labs.o
                0x0000000081005e8c                labs
 .text          0x0000000081005e98       0x40 binaries/memchr.o
                0x0000000081005e98                memchr
 .text          0x0000000081005ed8       0x58 binaries/memcmp.o
                0x0000000081005ed8                memcmp
 .text          0x0000000081005f30       0x24 binaries/memcpy.o
                0x0000000081005f30                memcpy
 .text          0x0000000081005f54       0x20 binaries/memset.o
                0x0000000081005f54                memset
 .text          0x0000000081005f74       0x58 binaries/printf.o
                0x0000000081005f74                printf
 .text          0x0000000081005fcc       0x2c binaries/putchar.o
                0x0000000081005fcc                putchar
 .text          0x0000000081005ff8      0x238 binaries/qsort.o
                0x0000000081006210                qsort
 .text          0x0000000081006230       0x38 binaries/rand.o
                0x0000000081006230                srand
                0x0000000081006240                rand
 .text          0x0000000081006268       0x68 binaries/sprintf.o
                0x0000000081006280                sprintf
 .text          0x00000000810062d0       0x78 binaries/sscanf.o
                0x0000000081006304                sscanf
 .text          0x0000000081006348       0x40 binaries/strchr.o
                0x0000000081006348                strchr
 .text          0x0000000081006388       0x54 binaries/strcmp.o
                0x0000000081006388                strcmp
 .text          0x00000000810063dc       0x1c binaries/strcpy.o
                0x00000000810063dc                strcpy
 .text          0x00000000810063f8       0x30 binaries/strlen.o
                0x00000000810063f8                strlen
 .text          0x0000000081006428       0x50 binaries/strncat.o
                0x0000000081006428                strncat
 .text          0x0000000081006478       0x50 binaries/strncmp.o
                0x0000000081006478                strncmp
 .text          0x00000000810064c8       0x80 binaries/strncpy.o
                0x00000000810064c8                strncpy
 .text          0x0000000081006548       0x50 binaries/strnlen.o
                0x0000000081006548                strnlen
 .text          0x0000000081006598       0x40 binaries/strrchr.o
                0x0000000081006598                strrchr
 .text          0x00000000810065d8       0xb0 binaries/strstr.o
                0x00000000810065d8                strstr
 .text          0x0000000081006688      0x154 binaries/ttycontrol.o
                0x0000000081006688                ttycontrol
 .text          0x00000000810067dc       0xc8 binaries/ttygetc.o
                0x00000000810067dc                ttygetc
 .text          0x00000000810068a4      0x4d4 binaries/ttyhandle_in.o
                0x0000000081006970                ttyhandle_in
 .text          0x0000000081006d78      0x16c binaries/ttyhandle_out.o
                0x0000000081006d78                ttyhandle_out
 .text          0x0000000081006ee4       0xcc binaries/ttyhandler.o
                0x0000000081006ee4                ttyhandler
 .text          0x0000000081006fb0      0x144 binaries/ttyinit.o
                0x0000000081006fb0                ttyinit
 .text          0x00000000810070f4        0xc binaries/ttykickout.o
                0x00000000810070f4                ttykickout
 .text          0x0000000081007100       0x9c binaries/ttyputc.o
                0x0000000081007100                ttyputc
 .text          0x000000008100719c      0x134 binaries/ttyread.o
                0x000000008100719c                ttyread
 .text          0x00000000810072d0       0x48 binaries/ttywrite.o
                0x00000000810072d0                ttywrite
 .text          0x0000000081007318      0x160 binaries/mount.o
                0x0000000081007318                namlen
                0x0000000081007370                mount
 .text          0x0000000081007478      0x1c0 binaries/naminit.o
                0x0000000081007478                naminit
 .text          0x0000000081007638      0x24c binaries/nammap.o
                0x0000000081007638                namrepl
                0x0000000081007788                namcpy
                0x00000000810077e4                nammap
 .text          0x0000000081007884       0x40 binaries/namopen.o
                0x0000000081007884                namopen
 .text          0x00000000810078c4      0x108 binaries/colon2mac.o
                0x00000000810078c4                colon2mac
 .text          0x00000000810079cc       0x44 binaries/ethcontrol.o
                0x00000000810079cc                ethcontrol
 .text          0x0000000081007a10      0x178 binaries/ethhandler.o
                0x0000000081007a10                ethhandler
 .text          0x0000000081007b88      0x7f8 binaries/ethinit.o
                0x0000000081007b88                eth_phy_read
                0x0000000081007bec                eth_phy_write
                0x0000000081007c34                eth_phy_reset
                0x0000000081007d94                ethinit
 .text          0x0000000081008380       0xf8 binaries/ethread.o
                0x0000000081008380                ethread
 .text          0x0000000081008478       0xf8 binaries/ethwrite.o
                0x0000000081008478                ethwrite
 .text          0x0000000081008570       0x88 binaries/rdsbufalloc.o
                0x0000000081008570                rdsbufalloc
 .text          0x00000000810085f8       0xe8 binaries/rdsclose.o
                0x00000000810085f8                rdsclose
 .text          0x00000000810086e0      0x1e8 binaries/rdscomm.o
                0x00000000810086e0                rdscomm
 .text          0x00000000810088c8      0x1b0 binaries/rdscontrol.o
                0x00000000810088c8                rdscontrol
 .text          0x0000000081008a78      0x1e0 binaries/rdsinit.o
                0x0000000081008a78                rdsinit
 .text          0x0000000081008c58      0x1a0 binaries/rdsopen.o
                0x0000000081008c58                rdsopen
 .text          0x0000000081008df8      0x2d4 binaries/rdsprocess.o
                0x0000000081008df8                rdsprocess
 .text          0x00000000810090cc      0x240 binaries/rdsread.o
                0x00000000810090cc                rdsread
 .text          0x000000008100930c      0x1d0 binaries/rdswrite.o
                0x000000008100930c                rdswrite
 .text          0x00000000810094dc        0x8 binaries/ramclose.o
                0x00000000810094dc                ramclose
 .text          0x00000000810094e4       0x3c binaries/raminit.o
                0x00000000810094e4                raminit
 .text          0x0000000081009520        0x8 binaries/ramopen.o
                0x0000000081009520                ramopen
 .text          0x0000000081009528       0x24 binaries/ramread.o
                0x0000000081009528                ramread
 .text          0x000000008100954c       0x20 binaries/ramwrite.o
                0x000000008100954c                ramwrite
 .text          0x000000008100956c       0x94 binaries/lfdballoc.o
                0x000000008100956c                lfdballoc
 .text          0x0000000081009600       0x4c binaries/lfdbfree.o
                0x0000000081009600                lfdbfree
 .text          0x000000008100964c       0xb8 binaries/lfflush.o
                0x000000008100964c                lfflush
 .text          0x0000000081009704       0xc8 binaries/lfgetmode.o
                0x0000000081009704                lfgetmode
 .text          0x00000000810097cc       0x6c binaries/lfiballoc.o
                0x00000000810097cc                lfiballoc
 .text          0x0000000081009838       0x28 binaries/lfibclear.o
                0x0000000081009838                lfibclear
 .text          0x0000000081009860       0x64 binaries/lfibget.o
                0x0000000081009860                lfibget
 .text          0x00000000810098c4       0x90 binaries/lfibput.o
                0x00000000810098c4                lfibput
 .text          0x0000000081009954       0xc4 binaries/lflclose.o
                0x0000000081009954                lflclose
 .text          0x0000000081009a18       0xc8 binaries/lflcontrol.o
                0x0000000081009a18                lflcontrol
 .text          0x0000000081009ae0      0x10c binaries/lflgetc.o
                0x0000000081009ae0                lflgetc
 .text          0x0000000081009bec       0xd0 binaries/lflinit.o
                0x0000000081009bec                lflinit
 .text          0x0000000081009cbc      0x14c binaries/lflputc.o
                0x0000000081009cbc                lflputc
 .text          0x0000000081009e08       0x70 binaries/lflread.o
                0x0000000081009e08                lflread
 .text          0x0000000081009e78       0xc0 binaries/lflseek.o
                0x0000000081009e78                lflseek
 .text          0x0000000081009f38       0x50 binaries/lflwrite.o
                0x0000000081009f38                lflwrite
 .text          0x0000000081009f88      0x11c binaries/lfsckfmt.o
                0x0000000081009f88                lfsckfmt
 .text          0x000000008100a0a4      0x15c binaries/lfscreate.o
                0x000000008100a0a4                lfscreate
 .text          0x000000008100a200      0x1f0 binaries/lfsetup.o
                0x000000008100a200                lfsetup
 .text          0x000000008100a3f0       0x44 binaries/lfsinit.o
                0x000000008100a3f0                lfsinit
 .text          0x000000008100a434      0x378 binaries/lfsopen.o
                0x000000008100a434                lfsopen
 .text          0x000000008100a7ac      0x110 binaries/lftruncate.o
                0x000000008100a7ac                lftruncate
 .text          0x000000008100a8bc       0x7c binaries/rflclose.o
                0x000000008100a8bc                rflclose
 .text          0x000000008100a938       0x28 binaries/rflgetc.o
                0x000000008100a938                rflgetc
 .text          0x000000008100a960       0x88 binaries/rflinit.o
                0x000000008100a960                rflinit
 .text          0x000000008100a9e8       0x2c binaries/rflputc.o
                0x000000008100a9e8                rflputc
 .text          0x000000008100aa14      0x2c4 binaries/rflread.o
                0x000000008100aa14                rflread
 .text          0x000000008100acd8       0x7c binaries/rflseek.o
                0x000000008100acd8                rflseek
 .text          0x000000008100ad54      0x2e0 binaries/rflwrite.o
                0x000000008100ad54                rflwrite
 .text          0x000000008100b034      0x198 binaries/rfscomm.o
                0x000000008100b034                rfscomm
 .text          0x000000008100b1cc      0x224 binaries/rfscontrol.o
                0x000000008100b1cc                rfscontrol
 .text          0x000000008100b3f0       0xc8 binaries/rfsgetmode.o
                0x000000008100b3f0                rfsgetmode
 .text          0x000000008100b4b8       0x84 binaries/rfsinit.o
                0x000000008100b4b8                rfsinit
 .text          0x000000008100b53c       0x98 binaries/rfsndmsg.o
                0x000000008100b53c                rfsndmsg
 .text          0x000000008100b5d4      0x238 binaries/rfsopen.o
                0x000000008100b5d4                rfsopen
 .text          0x000000008100b80c      0x79c binaries/arp.o
                0x000000008100b80c                arp_init
                0x000000008100b82c                arp_alloc
                0x000000008100b904                arp_ntoh
                0x000000008100b9a8                arp_hton
                0x000000008100ba4c                arp_resolve
                0x000000008100bce4                arp_in
 .text          0x000000008100bfa8      0xd78 binaries/dhcp.o
                0x000000008100bfa8                dump_dhcp_msg
                0x000000008100c5cc                get_dhcp_option_value
                0x000000008100c628                build_dhcp_discover
                0x000000008100c754                build_dhcp_request
                0x000000008100c900                getlocalip_boot
                0x000000008100cd08                getlocalip
 .text          0x000000008100cd20      0x414 binaries/dns.o
                0x000000008100cd20                dns_bldq
                0x000000008100cdcc                dns_getrname
                0x000000008100ce90                dns_geta
                0x000000008100cfc0                dns_qa
 .text          0x000000008100d134      0x108 binaries/dot2ip.o
                0x000000008100d134                dot2ip
 .text          0x000000008100d23c      0x328 binaries/hexdump.o
                0x000000008100d23c                hexdump
                0x000000008100d388                hexadump
 .text          0x000000008100d564      0x71c binaries/icmp.o
                0x000000008100d564                icmp_init
                0x000000008100d588                icmp_register
                0x000000008100d648                icmp_recv
                0x000000008100d7e8                icmp_mkpkt
                0x000000008100d8d8                icmp_in
                0x000000008100da64                icmp_send
                0x000000008100dad4                icmp_release
                0x000000008100dbbc                icmp_cksum
                0x000000008100dc18                icmp_hton
                0x000000008100dc4c                icmp_ntoh
 .text          0x000000008100dc80      0x67c binaries/ip.o
                0x000000008100dc80                ip_local
                0x000000008100dcb0                ipcksum
                0x000000008100dcf4                ip_ntoh
                0x000000008100dd98                ip_in
                0x000000008100dec8                ip_hton
                0x000000008100df6c                ip_out
                0x000000008100e020                ip_send
                0x000000008100e150                ipout
                0x000000008100e260                ip_enqueue
 .text          0x000000008100e2fc      0x1c4 binaries/net.o
                0x000000008100e2fc                net_init
                0x000000008100e3f4                eth_hton
                0x000000008100e408                eth_ntoh
                0x000000008100e41c                netin
 .text          0x000000008100e4c0       0xf8 binaries/netstart.o
                0x000000008100e4c0                netstart
 .text          0x000000008100e5b8      0x9dc binaries/pdump.o
                0x000000008100e5b8                pdump
                0x000000008100eb44                pdumph
 .text          0x000000008100ef94      0x580 binaries/tftp.o
                0x000000008100ef94                tftp_send1
                0x000000008100f080                tftpget_mb
                0x000000008100f4e0                tftpget
 .text          0x000000008100f514      0xa20 binaries/udp.o
                0x000000008100f514                udp_init
                0x000000008100f53c                udp_in
                0x000000008100f670                udp_register
                0x000000008100f774                udp_recv
                0x000000008100f910                udp_recvaddr
                0x000000008100fac8                udp_send
                0x000000008100fc70                udp_sendto
                0x000000008100fddc                udp_release
                0x000000008100fecc                udp_ntoh
                0x000000008100ff00                udp_hton
 .text          0x000000008100ff34      0x13c binaries/addargs.o
                0x000000008100ff34                addargs
 .text          0x0000000081010070      0x28c binaries/lexan.o
                0x0000000081010070                lexan
 .text          0x00000000810102fc      0x68c binaries/shell.o
                0x00000000810102fc                shell
 .text          0x0000000081010988       0x64 binaries/xsh_argecho.o
                0x0000000081010988                xsh_argecho
 .text          0x00000000810109ec      0x1d8 binaries/xsh_arp.o
                0x00000000810109ec                xsh_arp
 .text          0x0000000081010bc4      0x234 binaries/xsh_cat.o
                0x0000000081010bc4                xsh_cat
 .text          0x0000000081010df8       0x5c binaries/xsh_clear.o
                0x0000000081010df8                xsh_clear
 .text          0x0000000081010e54      0x29c binaries/xsh_date.o
                0x0000000081010e54                xsh_date
 .text          0x00000000810110f0       0x98 binaries/xsh_devdump.o
                0x00000000810110f0                xsh_devdump
 .text          0x0000000081011188       0x68 binaries/xsh_echo.o
                0x0000000081011188                xsh_echo
 .text          0x00000000810111f0        0x8 binaries/xsh_exit.o
                0x00000000810111f0                xsh_exit
 .text          0x00000000810111f8       0xe8 binaries/xsh_hello.o
                0x00000000810111f8                displayHello
                0x0000000081011254                xsh_hello
 .text          0x00000000810112e0      0x3b8 binaries/xsh_help.o
                0x00000000810112e0                xsh_help
 .text          0x0000000081011698      0x354 binaries/xsh_ipaddr.o
                0x0000000081011698                xsh_ipaddr
 .text          0x00000000810119ec      0x1fc binaries/xsh_kill.o
                0x00000000810119ec                xsh_kill
 .text          0x0000000081011be8      0x2ac binaries/xsh_led.o
                0x0000000081011be8                xsh_led
 .text          0x0000000081011e94      0x434 binaries/xsh_memdump.o
                0x0000000081011f88                xsh_memdump
 .text          0x00000000810122c8      0x158 binaries/xsh_memmanage.o
                0x00000000810122c8                xsh_memmanage
 .text          0x0000000081012420      0x224 binaries/xsh_memstat.o
                0x0000000081012420                xsh_memstat
 .text          0x0000000081012644      0x1b0 binaries/xsh_own_net.o
                0x0000000081012644                isNumericCheck
                0x00000000810126a0                xsh_own_net
 .text          0x00000000810127f4      0x3b8 binaries/xsh_ping.o
                0x00000000810127f4                xsh_ping
 .text          0x0000000081012bac      0x4ac binaries/xsh_prodcons.o
                0x0000000081012bac                isNumeric
                0x0000000081012c08                xsh_prodcons
 .text          0x0000000081013058      0x220 binaries/xsh_ps.o
                0x0000000081013058                xsh_ps
 .text          0x0000000081013278       0x94 binaries/xsh_reset.o
                0x0000000081013278                xsh_reset
 .text          0x000000008101330c      0x1d4 binaries/xsh_sleep.o
                0x000000008101330c                xsh_sleep
 .text          0x00000000810134e0      0x244 binaries/xsh_udpdump.o
                0x00000000810134e0                xsh_udpdump
 .text          0x0000000081013724      0x3fc binaries/xsh_udpecho.o
                0x0000000081013724                xsh_udpecho
 .text          0x0000000081013b20      0x250 binaries/xsh_udpeserver.o
                0x0000000081013b20                xsh_udpeserver
 .text          0x0000000081013d70      0x1b4 binaries/xsh_uptime.o
                0x0000000081013d70                xsh_uptime
 .text          0x0000000081013f24       0x94 binaries/consume.o
                0x0000000081013f24                consumer
 .text          0x0000000081013fb8       0x88 binaries/future_cons.o
                0x0000000081013fb8                future_cons
 .text          0x0000000081014040       0x3c binaries/future_prod.o
                0x0000000081014040                future_prod
 .text          0x000000008101407c       0x88 binaries/net_cons.o
                0x000000008101407c                net_cons
 .text          0x0000000081014104       0x2c binaries/net_prod.o
                0x0000000081014104                net_prod
 .text          0x0000000081014130       0x34 binaries/proc_function.o
                0x0000000081014130                proc_function
 .text          0x0000000081014164       0x70 binaries/produce.o
                0x0000000081014164                producer
 .text          0x00000000810141d4      0x114 binaries/xinu_client.o
                0x00000000810141d4                string_length
                0x0000000081014204                xinu_client
 .text          0x00000000810142e8       0x2c binaries/ctxsw.o
                0x00000000810142e8                ctxsw
 .text          0x0000000081014314      0x100 binaries/intr.o
                0x0000000081014314                disable
                0x0000000081014320                restore
                0x0000000081014344                enable
                0x000000008101434c                pause
                0x000000008101434c                halt
                0x0000000081014354                irq_except
                0x0000000081014384                initevec
                0x00000000810143e4                expjmpinstr
 .text          0x0000000081014414      0x114 /usr/lib/gcc/arm-none-eabi/4.9.3/libgcc.a(_udivsi3.o)
                0x0000000081014414                __udivsi3
                0x0000000081014414                __aeabi_uidiv
                0x0000000081014508                __aeabi_uidivmod
 .text          0x0000000081014528      0x148 /usr/lib/gcc/arm-none-eabi/4.9.3/libgcc.a(_divsi3.o)
                0x0000000081014528                __aeabi_idiv
                0x0000000081014528                __divsi3
                0x0000000081014650                __aeabi_idivmod
 .text          0x0000000081014670        0x4 /usr/lib/gcc/arm-none-eabi/4.9.3/libgcc.a(_dvmd_tls.o)
                0x0000000081014670                __aeabi_ldiv0
                0x0000000081014670                __aeabi_idiv0
 *(.rodata .rodata.*)
 .rodata.str1.4
                0x0000000081014674       0x78 binaries/ascdate.o
 .rodata.str1.4
                0x00000000810146ec       0xcb binaries/conf.o
 *fill*         0x00000000810147b7        0x1 
 .rodata.str1.4
                0x00000000810147b8       0x60 binaries/getutime.o
 .rodata.str1.4
                0x0000000081014818      0x16c binaries/initialize.o
                                        0x170 (size before relaxing)
 .rodata.str1.4
                0x0000000081014984       0x62 binaries/main.o
 *fill*         0x00000000810149e6        0x2 
 .rodata.str1.4
                0x00000000810149e8       0x10 binaries/panic.o
 .rodata.str1.4
                0x00000000810149f8       0x26 binaries/printFreeMem.o
 *fill*         0x0000000081014a1e        0x2 
 .rodata.str1.4
                0x0000000081014a20       0x1c binaries/ptinit.o
 .rodata.str1.4
                0x0000000081014a3c       0x25 binaries/ptsend.o
 *fill*         0x0000000081014a61        0x3 
 .rodata.str1.4
                0x0000000081014a64       0x27 binaries/xdone.o
 *fill*         0x0000000081014a8b        0x1 
 .rodata        0x0000000081014a8c       0x81 binaries/ctype_.o
                0x0000000081014a8c                _ctype_
 *fill*         0x0000000081014b0d        0x3 
 .rodata.str1.4
                0x0000000081014b10       0x2f binaries/doprnt.o
 .rodata.str1.4
                0x0000000000000000       0x2d binaries/fdoprnt.o
 *fill*         0x0000000081014b3f        0x1 
 .rodata.str1.4
                0x0000000081014b40       0x86 binaries/naminit.o
                                         0x8e (size before relaxing)
 *fill*         0x0000000081014bc6        0x2 
 .rodata.str1.4
                0x0000000081014bc8       0xe5 binaries/ethinit.o
 *fill*         0x0000000081014cad        0x3 
 .rodata.str1.4
                0x0000000081014cb0       0x12 binaries/ethread.o
 *fill*         0x0000000081014cc2        0x2 
 .rodata.str1.4
                0x0000000081014cc4       0x2c binaries/rdsbufalloc.o
 .rodata.str1.4
                0x0000000081014cf0       0x76 binaries/rdscomm.o
 *fill*         0x0000000081014d66        0x2 
 .rodata.str1.4
                0x0000000081014d68       0x48 binaries/rdscontrol.o
 .rodata.str1.4
                0x0000000081014db0       0x96 binaries/rdsinit.o
 *fill*         0x0000000081014e46        0x2 
 .rodata.str1.4
                0x0000000081014e48       0x22 binaries/rdsopen.o
 *fill*         0x0000000081014e6a        0x2 
 .rodata.str1.4
                0x0000000081014e6c       0x4d binaries/rdsprocess.o
 *fill*         0x0000000081014eb9        0x3 
 .rodata.str1.4
                0x0000000081014ebc        0x9 binaries/raminit.o
 *fill*         0x0000000081014ec5        0x3 
 .rodata.str1.4
                0x0000000081014ec8       0x37 binaries/lfdballoc.o
 *fill*         0x0000000081014eff        0x1 
 .rodata.str1.4
                0x0000000081014f00       0x14 binaries/lfiballoc.o
 .rodata.str1.4
                0x0000000081014f14       0x23 binaries/lflcontrol.o
 *fill*         0x0000000081014f37        0x1 
 .rodata.str1.4
                0x0000000081014f38       0xbb binaries/lfsckfmt.o
 *fill*         0x0000000081014ff3        0x1 
 .rodata.str1.4
                0x0000000081014ff4       0x21 binaries/rflread.o
 .rodata.str1.4
                0x0000000000000000       0x21 binaries/rflwrite.o
 *fill*         0x0000000081015015        0x3 
 .rodata.str1.4
                0x0000000081015018       0x75 binaries/rfscomm.o
 *fill*         0x000000008101508d        0x3 
 .rodata.str1.4
                0x0000000081015090       0x23 binaries/rfscontrol.o
 *fill*         0x00000000810150b3        0x1 
 .rodata.str1.4
                0x00000000810150b4       0x63 binaries/rfsinit.o
 *fill*         0x0000000081015117        0x1 
 .rodata.str1.4
                0x0000000081015118       0x2a binaries/rfsndmsg.o
 .rodata.str1.4
                0x0000000000000000       0x22 binaries/rfsopen.o
 *fill*         0x0000000081015142        0x2 
 .rodata.str1.4
                0x0000000081015144       0x3d binaries/arp.o
 *fill*         0x0000000081015181        0x3 
 .rodata.str1.4
                0x0000000081015184      0x462 binaries/dhcp.o
                                        0x466 (size before relaxing)
 *fill*         0x00000000810155e6        0x2 
 .rodata.str1.4
                0x00000000810155e8       0xca binaries/hexdump.o
                                         0xd6 (size before relaxing)
 *fill*         0x00000000810156b2        0x2 
 .rodata.str1.4
                0x00000000810156b4       0x29 binaries/icmp.o
 *fill*         0x00000000810156dd        0x3 
 .rodata.str1.4
                0x00000000810156e0       0x52 binaries/ip.o
 *fill*         0x0000000081015732        0x2 
 .rodata.str1.4
                0x0000000081015734       0x53 binaries/net.o
 *fill*         0x0000000081015787        0x1 
 .rodata.str1.4
                0x0000000081015788       0x8f binaries/netstart.o
 *fill*         0x0000000081015817        0x1 
 .rodata.str1.4
                0x0000000081015818      0x292 binaries/pdump.o
                                        0x296 (size before relaxing)
 *fill*         0x0000000081015aaa        0x2 
 .rodata.str1.4
                0x0000000081015aac      0x178 binaries/tftp.o
                                        0x17c (size before relaxing)
 .rodata        0x0000000081015c24      0x138 binaries/shell.o
                0x0000000081015c24                cmdtab
 .rodata.str1.4
                0x0000000081015d5c      0x31c binaries/shell.o
                                        0x324 (size before relaxing)
 .rodata.str1.4
                0x0000000081016078       0x29 binaries/xsh_argecho.o
                                         0x2e (size before relaxing)
 *fill*         0x00000000810160a1        0x3 
 .rodata.str1.4
                0x00000000810160a4      0x158 binaries/xsh_arp.o
                                        0x15c (size before relaxing)
 .rodata.str1.4
                0x00000000810161fc       0x81 binaries/xsh_cat.o
                                         0xd1 (size before relaxing)
 *fill*         0x000000008101627d        0x3 
 .rodata.str1.4
                0x0000000081016280       0x15 binaries/xsh_clear.o
 *fill*         0x0000000081016295        0x3 
 .rodata.str1.4
                0x0000000081016298      0x1af binaries/xsh_date.o
                                        0x1cb (size before relaxing)
 *fill*         0x0000000081016447        0x1 
 .rodata.str1.4
                0x0000000081016448       0x61 binaries/xsh_devdump.o
 *fill*         0x00000000810164a9        0x3 
 .rodata.str1.4
                0x00000000810164ac        0x8 binaries/xsh_echo.o
                                          0xa (size before relaxing)
 .rodata.str1.4
                0x00000000810164b4       0x98 binaries/xsh_hello.o
                                         0xd4 (size before relaxing)
 .rodata.str1.4
                0x000000008101654c       0xe7 binaries/xsh_help.o
                                        0x17a (size before relaxing)
 *fill*         0x0000000081016633        0x1 
 .rodata.str1.4
                0x0000000081016634       0xfb binaries/xsh_ipaddr.o
                                        0x1ab (size before relaxing)
 *fill*         0x000000008101672f        0x1 
 .rodata.str1.4
                0x0000000081016730       0xc8 binaries/xsh_kill.o
                                        0x136 (size before relaxing)
 .rodata.str1.4
                0x00000000810167f8       0xf7 binaries/xsh_led.o
                                        0x16b (size before relaxing)
 *fill*         0x00000000810168ef        0x1 
 .rodata.str1.4
                0x00000000810168f0      0x1e2 binaries/xsh_memdump.o
                                        0x262 (size before relaxing)
 *fill*         0x0000000081016ad2        0x2 
 .rodata.str1.4
                0x0000000081016ad4       0xd9 binaries/xsh_memmanage.o
                                        0x119 (size before relaxing)
 *fill*         0x0000000081016bad        0x3 
 .rodata.str1.4
                0x0000000081016bb0      0x1cc binaries/xsh_memstat.o
                                        0x232 (size before relaxing)
 .rodata.str1.4
                0x0000000081016d7c       0xab binaries/xsh_own_net.o
                                         0xef (size before relaxing)
 *fill*         0x0000000081016e27        0x1 
 .rodata.str1.4
                0x0000000081016e28      0x13f binaries/xsh_ping.o
                                        0x1b2 (size before relaxing)
 *fill*         0x0000000081016f67        0x1 
 .rodata.str1.4
                0x0000000081016f68      0x165 binaries/xsh_prodcons.o
                                        0x1b9 (size before relaxing)
 *fill*         0x00000000810170cd        0x3 
 .rodata        0x00000000810170d0       0x20 binaries/xsh_ps.o
 .rodata.str1.4
                0x00000000810170f0      0x11a binaries/xsh_ps.o
                                        0x1d2 (size before relaxing)
 *fill*         0x000000008101720a        0x2 
 .rodata.str1.4
                0x000000008101720c       0x21 binaries/xsh_reset.o
                                         0x61 (size before relaxing)
 *fill*         0x000000008101722d        0x3 
 .rodata.str1.4
                0x0000000081017230       0x5e binaries/xsh_sleep.o
                                         0xf6 (size before relaxing)
 *fill*         0x000000008101728e        0x2 
 .rodata        0x0000000081017290        0xc binaries/xsh_udpdump.o
 .rodata.str1.4
                0x000000008101729c      0x122 binaries/xsh_udpdump.o
                                        0x1de (size before relaxing)
 *fill*         0x00000000810173be        0x2 
 .rodata.str1.4
                0x00000000810173c0      0x1ae binaries/xsh_udpecho.o
                                        0x222 (size before relaxing)
 *fill*         0x000000008101756e        0x2 
 .rodata.str1.4
                0x0000000081017570       0x97 binaries/xsh_udpeserver.o
                                        0x13b (size before relaxing)
 *fill*         0x0000000081017607        0x1 
 .rodata.str1.4
                0x0000000081017608       0x77 binaries/xsh_uptime.o
                                        0x112 (size before relaxing)
 *fill*         0x000000008101767f        0x1 
 .rodata.str1.4
                0x0000000081017680       0x19 binaries/consume.o
 *fill*         0x0000000081017699        0x3 
 .rodata.str1.4
                0x000000008101769c       0x25 binaries/future_cons.o
 .rodata.str1.4
                0x0000000000000000       0x25 binaries/net_cons.o
 *fill*         0x00000000810176c1        0x3 
 .rodata.str1.4
                0x00000000810176c4       0x16 binaries/proc_function.o
 .rodata.str1.4
                0x0000000000000000       0x16 binaries/produce.o
 *fill*         0x00000000810176da        0x2 
 .rodata.str1.4
                0x00000000810176dc       0x68 binaries/xinu_client.o
                                         0x66 (size before relaxing)
                0x0000000081017744                etext = ABSOLUTE (.)
                0x0000000081018000                . = ALIGN (0x1000)
 *fill*         0x0000000081017744      0x8bc 

.glue_7         0x0000000081018000        0x0
 .glue_7        0x0000000000000000        0x0 linker stubs

.glue_7t        0x0000000081018000        0x0
 .glue_7t       0x0000000000000000        0x0 linker stubs

.vfp11_veneer   0x0000000081018000        0x0
 .vfp11_veneer  0x0000000000000000        0x0 linker stubs

.v4_bx          0x0000000081018000        0x0
 .v4_bx         0x0000000000000000        0x0 linker stubs

.iplt           0x0000000081018000        0x0
 .iplt          0x0000000000000000        0x0 binaries/start.o

.rel.dyn        0x0000000081018000        0x0
 .rel.iplt      0x0000000000000000        0x0 binaries/start.o

.data           0x0000000081018000     0x1000
                0x0000000081018000                data = ABSOLUTE (.)
 *(.data .data.*)
 .data          0x0000000081018000        0x0 binaries/start.o
 .data          0x0000000081018000       0x88 binaries/ascdate.o
                0x0000000081018000                Date
 .data          0x0000000081018088        0x0 binaries/bufinit.o
 .data          0x0000000081018088        0x0 binaries/chprio.o
 .data          0x0000000081018088        0x4 binaries/clkhandler.o
 .data          0x000000008101808c        0x0 binaries/clkinit.o
 .data          0x000000008101808c        0x0 binaries/close.o
 .data          0x000000008101808c      0x5a0 binaries/conf.o
                0x000000008101808c                devtab
 .data          0x000000008101862c        0x0 binaries/control.o
 .data          0x000000008101862c        0x4 binaries/create.o
 .data          0x0000000081018630       0x3d binaries/evec.o
                0x0000000081018630                expmsg2
                0x0000000081018644                expmsg1
 .data          0x000000008101866d        0x0 binaries/exit.o
 .data          0x000000008101866d        0x0 binaries/f_queue.o
 .data          0x000000008101866d        0x0 binaries/freebuf.o
 .data          0x000000008101866d        0x0 binaries/freemem.o
 .data          0x000000008101866d        0x0 binaries/future_alloc.o
 .data          0x000000008101866d        0x0 binaries/future_free.o
 .data          0x000000008101866d        0x0 binaries/future_get.o
 .data          0x000000008101866d        0x0 binaries/future_set.o
 .data          0x000000008101866d        0x0 binaries/getbuf.o
 .data          0x000000008101866d        0x0 binaries/getc.o
 .data          0x000000008101866d        0x0 binaries/getdev.o
 .data          0x000000008101866d        0x0 binaries/getitem.o
 .data          0x000000008101866d        0x0 binaries/getmem.o
 .data          0x000000008101866d        0x0 binaries/getownstk.o
 .data          0x000000008101866d        0x0 binaries/getpid.o
 .data          0x000000008101866d        0x0 binaries/getprio.o
 .data          0x000000008101866d        0x0 binaries/getstk.o
 .data          0x000000008101866d        0x0 binaries/gettime.o
 .data          0x000000008101866d        0x0 binaries/getutime.o
 .data          0x000000008101866d        0x0 binaries/init.o
 .data          0x000000008101866d        0x0 binaries/initialize.o
 .data          0x000000008101866d        0x0 binaries/insert.o
 .data          0x000000008101866d        0x0 binaries/insertd.o
 .data          0x000000008101866d        0x0 binaries/ioerr.o
 .data          0x000000008101866d        0x0 binaries/ionull.o
 .data          0x000000008101866d        0x0 binaries/kill.o
 .data          0x000000008101866d        0x0 binaries/kprintf.o
 *fill*         0x000000008101866d        0x3 
 .data          0x0000000081018670        0x4 binaries/main.o
                0x0000000081018670                gcounter
 .data          0x0000000081018674        0x0 binaries/mark.o
 .data          0x0000000081018674        0x0 binaries/meminit.o
 .data          0x0000000081018674        0x0 binaries/mkbufpool.o
 .data          0x0000000081018674        0x2 binaries/newqueue.o
 .data          0x0000000081018676        0x0 binaries/open.o
 *fill*         0x0000000081018676        0x2 
 .data          0x0000000081018678        0x4 binaries/own_create.o
 .data          0x000000008101867c        0x0 binaries/own_getmem.o
 .data          0x000000008101867c        0x0 binaries/own_kill.o
 .data          0x000000008101867c        0x0 binaries/panic.o
 .data          0x000000008101867c        0x0 binaries/platinit.o
 .data          0x000000008101867c        0x0 binaries/printFreeMem.o
 .data          0x000000008101867c        0x0 binaries/ptclear.o
 .data          0x000000008101867c        0x0 binaries/ptcount.o
 .data          0x000000008101867c        0x0 binaries/ptcreate.o
 .data          0x000000008101867c        0x0 binaries/ptdelete.o
 .data          0x000000008101867c        0x0 binaries/ptinit.o
 .data          0x000000008101867c        0x0 binaries/ptrecv.o
 .data          0x000000008101867c        0x0 binaries/ptreset.o
 .data          0x000000008101867c        0x0 binaries/ptsend.o
 .data          0x000000008101867c        0x0 binaries/putc.o
 .data          0x000000008101867c        0x0 binaries/queue.o
 .data          0x000000008101867c        0x0 binaries/read.o
 .data          0x000000008101867c        0x0 binaries/ready.o
 .data          0x000000008101867c        0x0 binaries/receive.o
 .data          0x000000008101867c        0x0 binaries/recvclr.o
 .data          0x000000008101867c        0x0 binaries/recvtime.o
 .data          0x000000008101867c        0x0 binaries/resched.o
 .data          0x000000008101867c        0x0 binaries/resume.o
 .data          0x000000008101867c        0x0 binaries/seek.o
 .data          0x000000008101867c        0x0 binaries/semcount.o
 .data          0x000000008101867c        0x0 binaries/semcreate.o
 .data          0x000000008101867c        0x0 binaries/semdelete.o
 .data          0x000000008101867c        0x0 binaries/semreset.o
 .data          0x000000008101867c        0x0 binaries/send.o
 .data          0x000000008101867c        0x0 binaries/signal.o
 .data          0x000000008101867c        0x0 binaries/signaln.o
 .data          0x000000008101867c        0x0 binaries/sleep.o
 .data          0x000000008101867c        0x0 binaries/suspend.o
 .data          0x000000008101867c        0x0 binaries/unsleep.o
 .data          0x000000008101867c        0x0 binaries/userret.o
 .data          0x000000008101867c        0x0 binaries/wait.o
 .data          0x000000008101867c        0x0 binaries/wakeup.o
 .data          0x000000008101867c        0x0 binaries/write.o
 .data          0x000000008101867c        0x0 binaries/xdone.o
 .data          0x000000008101867c        0x0 binaries/yield.o
 .data          0x000000008101867c        0x0 binaries/abs.o
 .data          0x000000008101867c        0x0 binaries/atoi.o
 .data          0x000000008101867c        0x0 binaries/atol.o
 .data          0x000000008101867c        0x0 binaries/bzero.o
 .data          0x000000008101867c        0x0 binaries/ctype_.o
 .data          0x000000008101867c        0x0 binaries/doprnt.o
 .data          0x000000008101867c       0x80 binaries/doscan.o
                0x000000008101867c                _sctab
 .data          0x00000000810186fc        0x0 binaries/fdoprnt.o
 .data          0x00000000810186fc        0x0 binaries/fgetc.o
 .data          0x00000000810186fc        0x0 binaries/fgets.o
 .data          0x00000000810186fc        0x0 binaries/fprintf.o
 .data          0x00000000810186fc        0x0 binaries/fputc.o
 .data          0x00000000810186fc        0x0 binaries/fputs.o
 .data          0x00000000810186fc        0x0 binaries/fscanf.o
 .data          0x00000000810186fc        0x0 binaries/getchar.o
 .data          0x00000000810186fc        0x0 binaries/labs.o
 .data          0x00000000810186fc        0x0 binaries/memchr.o
 .data          0x00000000810186fc        0x0 binaries/memcmp.o
 .data          0x00000000810186fc        0x0 binaries/memcpy.o
 .data          0x00000000810186fc        0x0 binaries/memset.o
 .data          0x00000000810186fc        0x0 binaries/printf.o
 .data          0x00000000810186fc        0x0 binaries/putchar.o
 .data          0x00000000810186fc        0x0 binaries/qsort.o
 .data          0x00000000810186fc        0x4 binaries/rand.o
 .data          0x0000000081018700        0x0 binaries/sprintf.o
 .data          0x0000000081018700        0x0 binaries/sscanf.o
 .data          0x0000000081018700        0x0 binaries/strchr.o
 .data          0x0000000081018700        0x0 binaries/strcmp.o
 .data          0x0000000081018700        0x0 binaries/strcpy.o
 .data          0x0000000081018700        0x0 binaries/strlen.o
 .data          0x0000000081018700        0x0 binaries/strncat.o
 .data          0x0000000081018700        0x0 binaries/strncmp.o
 .data          0x0000000081018700        0x0 binaries/strncpy.o
 .data          0x0000000081018700        0x0 binaries/strnlen.o
 .data          0x0000000081018700        0x0 binaries/strrchr.o
 .data          0x0000000081018700        0x0 binaries/strstr.o
 .data          0x0000000081018700        0x0 binaries/ttycontrol.o
 .data          0x0000000081018700        0x0 binaries/ttygetc.o
 .data          0x0000000081018700        0x0 binaries/ttyhandle_in.o
 .data          0x0000000081018700        0x0 binaries/ttyhandle_out.o
 .data          0x0000000081018700        0x0 binaries/ttyhandler.o
 .data          0x0000000081018700        0x0 binaries/ttyinit.o
 .data          0x0000000081018700        0x0 binaries/ttykickout.o
 .data          0x0000000081018700        0x0 binaries/ttyputc.o
 .data          0x0000000081018700        0x0 binaries/ttyread.o
 .data          0x0000000081018700        0x0 binaries/ttywrite.o
 .data          0x0000000081018700        0x0 binaries/mount.o
 .data          0x0000000081018700        0x0 binaries/naminit.o
 .data          0x0000000081018700        0x0 binaries/nammap.o
 .data          0x0000000081018700        0x0 binaries/namopen.o
 .data          0x0000000081018700        0x0 binaries/colon2mac.o
 .data          0x0000000081018700        0x0 binaries/ethcontrol.o
 .data          0x0000000081018700        0x0 binaries/ethhandler.o
 .data          0x0000000081018700        0x0 binaries/ethinit.o
 .data          0x0000000081018700        0x0 binaries/ethread.o
 .data          0x0000000081018700        0x0 binaries/ethwrite.o
 .data          0x0000000081018700        0x0 binaries/rdsbufalloc.o
 .data          0x0000000081018700        0x0 binaries/rdsclose.o
 .data          0x0000000081018700        0x0 binaries/rdscomm.o
 .data          0x0000000081018700        0x0 binaries/rdscontrol.o
 .data          0x0000000081018700        0x0 binaries/rdsinit.o
 .data          0x0000000081018700        0x0 binaries/rdsopen.o
 .data          0x0000000081018700        0x0 binaries/rdsprocess.o
 .data          0x0000000081018700        0x0 binaries/rdsread.o
 .data          0x0000000081018700        0x0 binaries/rdswrite.o
 .data          0x0000000081018700        0x0 binaries/ramclose.o
 .data          0x0000000081018700        0x0 binaries/raminit.o
 .data          0x0000000081018700        0x0 binaries/ramopen.o
 .data          0x0000000081018700        0x0 binaries/ramread.o
 .data          0x0000000081018700        0x0 binaries/ramwrite.o
 .data          0x0000000081018700        0x0 binaries/lfdballoc.o
 .data          0x0000000081018700        0x0 binaries/lfdbfree.o
 .data          0x0000000081018700        0x0 binaries/lfflush.o
 .data          0x0000000081018700        0x0 binaries/lfgetmode.o
 .data          0x0000000081018700        0x0 binaries/lfiballoc.o
 .data          0x0000000081018700        0x0 binaries/lfibclear.o
 .data          0x0000000081018700        0x0 binaries/lfibget.o
 .data          0x0000000081018700        0x0 binaries/lfibput.o
 .data          0x0000000081018700        0x0 binaries/lflclose.o
 .data          0x0000000081018700        0x0 binaries/lflcontrol.o
 .data          0x0000000081018700        0x0 binaries/lflgetc.o
 .data          0x0000000081018700        0x0 binaries/lflinit.o
 .data          0x0000000081018700        0x0 binaries/lflputc.o
 .data          0x0000000081018700        0x0 binaries/lflread.o
 .data          0x0000000081018700        0x0 binaries/lflseek.o
 .data          0x0000000081018700        0x0 binaries/lflwrite.o
 .data          0x0000000081018700        0x0 binaries/lfsckfmt.o
 .data          0x0000000081018700        0x0 binaries/lfscreate.o
 .data          0x0000000081018700        0x0 binaries/lfsetup.o
 .data          0x0000000081018700        0x0 binaries/lfsinit.o
 .data          0x0000000081018700        0x0 binaries/lfsopen.o
 .data          0x0000000081018700        0x0 binaries/lftruncate.o
 .data          0x0000000081018700        0x0 binaries/rflclose.o
 .data          0x0000000081018700        0x0 binaries/rflgetc.o
 .data          0x0000000081018700        0x0 binaries/rflinit.o
 .data          0x0000000081018700        0x0 binaries/rflputc.o
 .data          0x0000000081018700        0x0 binaries/rflread.o
 .data          0x0000000081018700        0x0 binaries/rflseek.o
 .data          0x0000000081018700        0x0 binaries/rflwrite.o
 .data          0x0000000081018700        0x0 binaries/rfscomm.o
 .data          0x0000000081018700        0x0 binaries/rfscontrol.o
 .data          0x0000000081018700        0x0 binaries/rfsgetmode.o
 .data          0x0000000081018700        0x0 binaries/rfsinit.o
 .data          0x0000000081018700        0x0 binaries/rfsndmsg.o
 .data          0x0000000081018700        0x0 binaries/rfsopen.o
 .data          0x0000000081018700        0x0 binaries/arp.o
 .data          0x0000000081018700        0x0 binaries/dhcp.o
 .data          0x0000000081018700        0x0 binaries/dns.o
 .data          0x0000000081018700        0x0 binaries/dot2ip.o
 .data          0x0000000081018700        0x0 binaries/hexdump.o
 .data          0x0000000081018700        0x4 binaries/icmp.o
 .data          0x0000000081018704        0x0 binaries/ip.o
 .data          0x0000000081018704        0x0 binaries/net.o
 .data          0x0000000081018704        0x0 binaries/netstart.o
 .data          0x0000000081018704        0x0 binaries/pdump.o
 .data          0x0000000081018704        0x0 binaries/tftp.o
 .data          0x0000000081018704        0x4 binaries/udp.o
 .data          0x0000000081018708        0x0 binaries/addargs.o
 .data          0x0000000081018708        0x0 binaries/lexan.o
 .data          0x0000000081018708        0x4 binaries/shell.o
                0x0000000081018708                ncmd
 .data          0x000000008101870c        0x0 binaries/xsh_argecho.o
 .data          0x000000008101870c        0x0 binaries/xsh_arp.o
 .data          0x000000008101870c        0x0 binaries/xsh_cat.o
 .data          0x000000008101870c        0x0 binaries/xsh_clear.o
 .data          0x000000008101870c        0x0 binaries/xsh_date.o
 .data          0x000000008101870c        0x0 binaries/xsh_devdump.o
 .data          0x000000008101870c        0x0 binaries/xsh_echo.o
 .data          0x000000008101870c        0x0 binaries/xsh_exit.o
 .data          0x000000008101870c        0x0 binaries/xsh_hello.o
 .data          0x000000008101870c        0x0 binaries/xsh_help.o
 .data          0x000000008101870c        0x0 binaries/xsh_ipaddr.o
 .data          0x000000008101870c        0x0 binaries/xsh_kill.o
 .data          0x000000008101870c        0x0 binaries/xsh_led.o
 .data          0x000000008101870c        0x0 binaries/xsh_memdump.o
 .data          0x000000008101870c        0x0 binaries/xsh_memmanage.o
 .data          0x000000008101870c        0x0 binaries/xsh_memstat.o
 .data          0x000000008101870c        0x0 binaries/xsh_own_net.o
 .data          0x000000008101870c        0x0 binaries/xsh_ping.o
 .data          0x000000008101870c        0x0 binaries/xsh_prodcons.o
 .data          0x000000008101870c        0x0 binaries/xsh_ps.o
 .data          0x000000008101870c        0x0 binaries/xsh_reset.o
 .data          0x000000008101870c        0x0 binaries/xsh_sleep.o
 .data          0x000000008101870c        0x0 binaries/xsh_udpdump.o
 .data          0x000000008101870c        0x0 binaries/xsh_udpecho.o
 .data          0x000000008101870c        0x0 binaries/xsh_udpeserver.o
 .data          0x000000008101870c        0x0 binaries/xsh_uptime.o
 .data          0x000000008101870c        0x0 binaries/consume.o
 .data          0x000000008101870c        0x0 binaries/future_cons.o
 .data          0x000000008101870c        0x0 binaries/future_prod.o
 .data          0x000000008101870c        0x0 binaries/net_cons.o
 .data          0x000000008101870c        0x0 binaries/net_prod.o
 .data          0x000000008101870c        0x0 binaries/proc_function.o
 .data          0x000000008101870c        0x0 binaries/produce.o
 .data          0x000000008101870c        0x0 binaries/xinu_client.o
 .data          0x000000008101870c        0x0 binaries/ctxsw.o
 .data          0x000000008101870c        0x0 binaries/intr.o
 .data          0x000000008101870c        0x0 /usr/lib/gcc/arm-none-eabi/4.9.3/libgcc.a(_udivsi3.o)
 .data          0x000000008101870c        0x0 /usr/lib/gcc/arm-none-eabi/4.9.3/libgcc.a(_divsi3.o)
 .data          0x000000008101870c        0x0 /usr/lib/gcc/arm-none-eabi/4.9.3/libgcc.a(_dvmd_tls.o)
                0x000000008101870c                edata = ABSOLUTE (.)
                0x0000000081019000                . = ALIGN (0x1000)
 *fill*         0x000000008101870c      0x8f4 

.igot.plt       0x0000000081019000        0x0
 .igot.plt      0x0000000000000000        0x0 binaries/start.o

.bss            0x0000000081019000    0x20000
                0x0000000081019000                bss = ABSOLUTE (.)
 *(.bss .bss.*)
 .bss           0x0000000081019000        0x0 binaries/start.o
 .bss           0x0000000081019000        0x0 binaries/ascdate.o
 .bss           0x0000000081019000        0x0 binaries/bufinit.o
 .bss           0x0000000081019000        0x0 binaries/chprio.o
 .bss           0x0000000081019000        0x0 binaries/clkhandler.o
 .bss           0x0000000081019000        0x4 binaries/clkinit.o
                0x0000000081019000                ctr1000
 .bss           0x0000000081019004        0x0 binaries/close.o
 .bss           0x0000000081019004        0x0 binaries/conf.o
 .bss           0x0000000081019004        0x0 binaries/control.o
 .bss           0x0000000081019004        0x0 binaries/create.o
 .bss           0x0000000081019004        0x0 binaries/evec.o
 .bss           0x0000000081019004        0x0 binaries/exit.o
 .bss           0x0000000081019004        0x0 binaries/f_queue.o
 .bss           0x0000000081019004        0x0 binaries/freebuf.o
 .bss           0x0000000081019004        0x0 binaries/freemem.o
 .bss           0x0000000081019004        0x0 binaries/future_alloc.o
 .bss           0x0000000081019004        0x0 binaries/future_free.o
 .bss           0x0000000081019004        0x0 binaries/future_get.o
 .bss           0x0000000081019004        0x0 binaries/future_set.o
 .bss           0x0000000081019004        0x0 binaries/getbuf.o
 .bss           0x0000000081019004        0x0 binaries/getc.o
 .bss           0x0000000081019004        0x0 binaries/getdev.o
 .bss           0x0000000081019004        0x0 binaries/getitem.o
 .bss           0x0000000081019004        0x0 binaries/getmem.o
 .bss           0x0000000081019004        0x0 binaries/getownstk.o
 .bss           0x0000000081019004        0x0 binaries/getpid.o
 .bss           0x0000000081019004        0x0 binaries/getprio.o
 .bss           0x0000000081019004        0x0 binaries/getstk.o
 .bss           0x0000000081019004        0x0 binaries/gettime.o
 .bss           0x0000000081019004        0x0 binaries/getutime.o
 .bss           0x0000000081019004        0x0 binaries/init.o
 .bss           0x0000000081019004        0x0 binaries/initialize.o
 .bss           0x0000000081019004        0x0 binaries/insert.o
 .bss           0x0000000081019004        0x0 binaries/insertd.o
 .bss           0x0000000081019004        0x0 binaries/ioerr.o
 .bss           0x0000000081019004        0x0 binaries/ionull.o
 .bss           0x0000000081019004        0x0 binaries/kill.o
 .bss           0x0000000081019004        0x0 binaries/kprintf.o
 .bss           0x0000000081019004        0x0 binaries/main.o
 .bss           0x0000000081019004        0x0 binaries/mark.o
 .bss           0x0000000081019004        0x0 binaries/meminit.o
 .bss           0x0000000081019004        0x0 binaries/mkbufpool.o
 .bss           0x0000000081019004        0x0 binaries/newqueue.o
 .bss           0x0000000081019004        0x0 binaries/open.o
 .bss           0x0000000081019004        0x0 binaries/own_create.o
 .bss           0x0000000081019004        0x0 binaries/own_getmem.o
 .bss           0x0000000081019004        0x0 binaries/own_kill.o
 .bss           0x0000000081019004        0x0 binaries/panic.o
 .bss           0x0000000081019004        0x0 binaries/platinit.o
 .bss           0x0000000081019004        0x0 binaries/printFreeMem.o
 .bss           0x0000000081019004        0x0 binaries/ptclear.o
 .bss           0x0000000081019004        0x0 binaries/ptcount.o
 .bss           0x0000000081019004        0x0 binaries/ptcreate.o
 .bss           0x0000000081019004        0x0 binaries/ptdelete.o
 .bss           0x0000000081019004        0x0 binaries/ptinit.o
 .bss           0x0000000081019004        0x0 binaries/ptrecv.o
 .bss           0x0000000081019004        0x0 binaries/ptreset.o
 .bss           0x0000000081019004        0x0 binaries/ptsend.o
 .bss           0x0000000081019004        0x0 binaries/putc.o
 .bss           0x0000000081019004        0x0 binaries/queue.o
 .bss           0x0000000081019004        0x0 binaries/read.o
 .bss           0x0000000081019004        0x0 binaries/ready.o
 .bss           0x0000000081019004        0x0 binaries/receive.o
 .bss           0x0000000081019004        0x0 binaries/recvclr.o
 .bss           0x0000000081019004        0x0 binaries/recvtime.o
 .bss           0x0000000081019004        0x0 binaries/resched.o
 .bss           0x0000000081019004        0x0 binaries/resume.o
 .bss           0x0000000081019004        0x0 binaries/seek.o
 .bss           0x0000000081019004        0x0 binaries/semcount.o
 .bss           0x0000000081019004        0x4 binaries/semcreate.o
 .bss           0x0000000081019008        0x0 binaries/semdelete.o
 .bss           0x0000000081019008        0x0 binaries/semreset.o
 .bss           0x0000000081019008        0x0 binaries/send.o
 .bss           0x0000000081019008        0x0 binaries/signal.o
 .bss           0x0000000081019008        0x0 binaries/signaln.o
 .bss           0x0000000081019008        0x0 binaries/sleep.o
 .bss           0x0000000081019008        0x0 binaries/suspend.o
 .bss           0x0000000081019008        0x0 binaries/unsleep.o
 .bss           0x0000000081019008        0x0 binaries/userret.o
 .bss           0x0000000081019008        0x0 binaries/wait.o
 .bss           0x0000000081019008        0x0 binaries/wakeup.o
 .bss           0x0000000081019008        0x0 binaries/write.o
 .bss           0x0000000081019008        0x0 binaries/xdone.o
 .bss           0x0000000081019008        0x0 binaries/yield.o
 .bss           0x0000000081019008        0x0 binaries/abs.o
 .bss           0x0000000081019008        0x0 binaries/atoi.o
 .bss           0x0000000081019008        0x0 binaries/atol.o
 .bss           0x0000000081019008        0x0 binaries/bzero.o
 .bss           0x0000000081019008        0x0 binaries/ctype_.o
 .bss           0x0000000081019008        0x0 binaries/doprnt.o
 .bss           0x0000000081019008        0x0 binaries/doscan.o
 .bss           0x0000000081019008        0x0 binaries/fdoprnt.o
 .bss           0x0000000081019008        0x0 binaries/fgetc.o
 .bss           0x0000000081019008        0x0 binaries/fgets.o
 .bss           0x0000000081019008        0x0 binaries/fprintf.o
 .bss           0x0000000081019008        0x0 binaries/fputc.o
 .bss           0x0000000081019008        0x0 binaries/fputs.o
 .bss           0x0000000081019008        0x0 binaries/fscanf.o
 .bss           0x0000000081019008        0x0 binaries/getchar.o
 .bss           0x0000000081019008        0x0 binaries/labs.o
 .bss           0x0000000081019008        0x0 binaries/memchr.o
 .bss           0x0000000081019008        0x0 binaries/memcmp.o
 .bss           0x0000000081019008        0x0 binaries/memcpy.o
 .bss           0x0000000081019008        0x0 binaries/memset.o
 .bss           0x0000000081019008        0x0 binaries/printf.o
 .bss           0x0000000081019008        0x0 binaries/putchar.o
 .bss           0x0000000081019008        0x8 binaries/qsort.o
 .bss           0x0000000081019010        0x0 binaries/rand.o
 .bss           0x0000000081019010        0x0 binaries/sprintf.o
 .bss           0x0000000081019010        0x0 binaries/sscanf.o
 .bss           0x0000000081019010        0x0 binaries/strchr.o
 .bss           0x0000000081019010        0x0 binaries/strcmp.o
 .bss           0x0000000081019010        0x0 binaries/strcpy.o
 .bss           0x0000000081019010        0x0 binaries/strlen.o
 .bss           0x0000000081019010        0x0 binaries/strncat.o
 .bss           0x0000000081019010        0x0 binaries/strncmp.o
 .bss           0x0000000081019010        0x0 binaries/strncpy.o
 .bss           0x0000000081019010        0x0 binaries/strnlen.o
 .bss           0x0000000081019010        0x0 binaries/strrchr.o
 .bss           0x0000000081019010        0x0 binaries/strstr.o
 .bss           0x0000000081019010        0x0 binaries/ttycontrol.o
 .bss           0x0000000081019010        0x0 binaries/ttygetc.o
 .bss           0x0000000081019010        0x0 binaries/ttyhandle_in.o
 .bss           0x0000000081019010        0x0 binaries/ttyhandle_out.o
 .bss           0x0000000081019010        0x0 binaries/ttyhandler.o
 .bss           0x0000000081019010        0x0 binaries/ttyinit.o
 .bss           0x0000000081019010        0x0 binaries/ttykickout.o
 .bss           0x0000000081019010        0x0 binaries/ttyputc.o
 .bss           0x0000000081019010        0x0 binaries/ttyread.o
 .bss           0x0000000081019010        0x0 binaries/ttywrite.o
 .bss           0x0000000081019010        0x0 binaries/mount.o
 .bss           0x0000000081019010        0x0 binaries/naminit.o
 .bss           0x0000000081019010        0x0 binaries/nammap.o
 .bss           0x0000000081019010        0x0 binaries/namopen.o
 .bss           0x0000000081019010        0x0 binaries/colon2mac.o
 .bss           0x0000000081019010        0x0 binaries/ethcontrol.o
 .bss           0x0000000081019010        0x0 binaries/ethhandler.o
 .bss           0x0000000081019010        0x0 binaries/ethinit.o
 .bss           0x0000000081019010        0x0 binaries/ethread.o
 .bss           0x0000000081019010        0x0 binaries/ethwrite.o
 .bss           0x0000000081019010        0x0 binaries/rdsbufalloc.o
 .bss           0x0000000081019010        0x0 binaries/rdsclose.o
 .bss           0x0000000081019010        0x0 binaries/rdscomm.o
 .bss           0x0000000081019010        0x0 binaries/rdscontrol.o
 .bss           0x0000000081019010        0x0 binaries/rdsinit.o
 .bss           0x0000000081019010        0x0 binaries/rdsopen.o
 .bss           0x0000000081019010        0x0 binaries/rdsprocess.o
 .bss           0x0000000081019010        0x0 binaries/rdsread.o
 .bss           0x0000000081019010        0x0 binaries/rdswrite.o
 .bss           0x0000000081019010        0x0 binaries/ramclose.o
 .bss           0x0000000081019010        0x0 binaries/raminit.o
 .bss           0x0000000081019010        0x0 binaries/ramopen.o
 .bss           0x0000000081019010        0x0 binaries/ramread.o
 .bss           0x0000000081019010        0x0 binaries/ramwrite.o
 .bss           0x0000000081019010        0x0 binaries/lfdballoc.o
 .bss           0x0000000081019010        0x0 binaries/lfdbfree.o
 .bss           0x0000000081019010        0x0 binaries/lfflush.o
 .bss           0x0000000081019010        0x0 binaries/lfgetmode.o
 .bss           0x0000000081019010        0x0 binaries/lfiballoc.o
 .bss           0x0000000081019010        0x0 binaries/lfibclear.o
 .bss           0x0000000081019010        0x0 binaries/lfibget.o
 .bss           0x0000000081019010        0x0 binaries/lfibput.o
 .bss           0x0000000081019010        0x0 binaries/lflclose.o
 .bss           0x0000000081019010        0x0 binaries/lflcontrol.o
 .bss           0x0000000081019010        0x0 binaries/lflgetc.o
 .bss           0x0000000081019010        0x0 binaries/lflinit.o
 .bss           0x0000000081019010        0x0 binaries/lflputc.o
 .bss           0x0000000081019010        0x0 binaries/lflread.o
 .bss           0x0000000081019010        0x0 binaries/lflseek.o
 .bss           0x0000000081019010        0x0 binaries/lflwrite.o
 .bss           0x0000000081019010        0x0 binaries/lfsckfmt.o
 .bss           0x0000000081019010        0x0 binaries/lfscreate.o
 .bss           0x0000000081019010        0x0 binaries/lfsetup.o
 .bss           0x0000000081019010        0x0 binaries/lfsinit.o
 .bss           0x0000000081019010        0x0 binaries/lfsopen.o
 .bss           0x0000000081019010        0x0 binaries/lftruncate.o
 .bss           0x0000000081019010        0x0 binaries/rflclose.o
 .bss           0x0000000081019010        0x0 binaries/rflgetc.o
 .bss           0x0000000081019010        0x0 binaries/rflinit.o
 .bss           0x0000000081019010        0x0 binaries/rflputc.o
 .bss           0x0000000081019010        0x0 binaries/rflread.o
 .bss           0x0000000081019010        0x0 binaries/rflseek.o
 .bss           0x0000000081019010        0x0 binaries/rflwrite.o
[...]
 .ARM.attributes
                0x000000000000281a       0x35 binaries/icmp.o
 .ARM.attributes
                0x000000000000284f       0x35 binaries/ip.o
 .ARM.attributes
                0x0000000000002884       0x35 binaries/net.o
 .ARM.attributes
                0x00000000000028b9       0x35 binaries/netstart.o
 .ARM.attributes
                0x00000000000028ee       0x35 binaries/pdump.o
 .ARM.attributes
                0x0000000000002923       0x35 binaries/tftp.o
 .ARM.attributes
                0x0000000000002958       0x35 binaries/udp.o
 .ARM.attributes
                0x000000000000298d       0x35 binaries/addargs.o
 .ARM.attributes
                0x00000000000029c2       0x35 binaries/lexan.o
 .ARM.attributes
                0x00000000000029f7       0x35 binaries/shell.o
 .ARM.attributes
                0x0000000000002a2c       0x35 binaries/xsh_argecho.o
 .ARM.attributes
                0x0000000000002a61       0x35 binaries/xsh_arp.o
 .ARM.attributes
                0x0000000000002a96       0x35 binaries/xsh_cat.o
 .ARM.attributes
                0x0000000000002acb       0x35 binaries/xsh_clear.o
 .ARM.attributes
                0x0000000000002b00       0x35 binaries/xsh_date.o
 .ARM.attributes
                0x0000000000002b35       0x35 binaries/xsh_devdump.o
 .ARM.attributes
                0x0000000000002b6a       0x35 binaries/xsh_echo.o
 .ARM.attributes
                0x0000000000002b9f       0x35 binaries/xsh_exit.o
 .ARM.attributes
                0x0000000000002bd4       0x35 binaries/xsh_hello.o
 .ARM.attributes
                0x0000000000002c09       0x35 binaries/xsh_help.o
 .ARM.attributes
                0x0000000000002c3e       0x35 binaries/xsh_ipaddr.o
 .ARM.attributes
                0x0000000000002c73       0x35 binaries/xsh_kill.o
 .ARM.attributes
                0x0000000000002ca8       0x35 binaries/xsh_led.o
 .ARM.attributes
                0x0000000000002cdd       0x35 binaries/xsh_memdump.o
 .ARM.attributes
                0x0000000000002d12       0x35 binaries/xsh_memmanage.o
 .ARM.attributes
                0x0000000000002d47       0x35 binaries/xsh_memstat.o
 .ARM.attributes
                0x0000000000002d7c       0x35 binaries/xsh_own_net.o
 .ARM.attributes
                0x0000000000002db1       0x35 binaries/xsh_ping.o
 .ARM.attributes
                0x0000000000002de6       0x35 binaries/xsh_prodcons.o
 .ARM.attributes
                0x0000000000002e1b       0x35 binaries/xsh_ps.o
 .ARM.attributes
                0x0000000000002e50       0x35 binaries/xsh_reset.o
 .ARM.attributes
                0x0000000000002e85       0x35 binaries/xsh_sleep.o
 .ARM.attributes
                0x0000000000002eba       0x35 binaries/xsh_udpdump.o
 .ARM.attributes
                0x0000000000002eef       0x35 binaries/xsh_udpecho.o
 .ARM.attributes
                0x0000000000002f24       0x35 binaries/xsh_udpeserver.o
 .ARM.attributes
                0x0000000000002f59       0x35 binaries/xsh_uptime.o
 .ARM.attributes
                0x0000000000002f8e       0x35 binaries/consume.o
 .ARM.attributes
                0x0000000000002fc3       0x35 binaries/future_cons.o
 .ARM.attributes
                0x0000000000002ff8       0x35 binaries/future_prod.o
 .ARM.attributes
                0x000000000000302d       0x35 binaries/net_cons.o
 .ARM.attributes
                0x0000000000003062       0x35 binaries/net_prod.o
 .ARM.attributes
                0x0000000000003097       0x35 binaries/proc_function.o
 .ARM.attributes
                0x00000000000030cc       0x35 binaries/produce.o
 .ARM.attributes
                0x0000000000003101       0x35 binaries/xinu_client.o
 .ARM.attributes
                0x0000000000003136       0x25 binaries/ctxsw.o
 .ARM.attributes
                0x000000000000315b       0x25 binaries/intr.o
 .ARM.attributes
                0x0000000000003180       0x18 /usr/lib/gcc/arm-none-eabi/4.9.3/libgcc.a(_udivsi3.o)
 .ARM.attributes
                0x0000000000003198       0x18 /usr/lib/gcc/arm-none-eabi/4.9.3/libgcc.a(_divsi3.o)
 .ARM.attributes
                0x00000000000031b0       0x18 /usr/lib/gcc/arm-none-eabi/4.9.3/libgcc.a(_dvmd_tls.o)

.comment        0x0000000000000000       0x70
 .comment       0x0000000000000000       0x70 binaries/ascdate.o
                                         0x71 (size before relaxing)
 .comment       0x0000000000000000       0x71 binaries/bufinit.o
 .comment       0x0000000000000000       0x71 binaries/chprio.o
 .comment       0x0000000000000000       0x71 binaries/clkhandler.o
 .comment       0x0000000000000000       0x71 binaries/clkinit.o
 .comment       0x0000000000000000       0x71 binaries/close.o
 .comment       0x0000000000000000       0x71 binaries/conf.o
 .comment       0x0000000000000000       0x71 binaries/control.o
 .comment       0x0000000000000000       0x71 binaries/create.o
 .comment       0x0000000000000000       0x71 binaries/evec.o
 .comment       0x0000000000000000       0x71 binaries/exit.o
 .comment       0x0000000000000000       0x71 binaries/f_queue.o
 .comment       0x0000000000000000       0x71 binaries/freebuf.o
 .comment       0x0000000000000000       0x71 binaries/freemem.o
 .comment       0x0000000000000000       0x71 binaries/future_alloc.o
 .comment       0x0000000000000000       0x71 binaries/future_free.o
 .comment       0x0000000000000000       0x71 binaries/future_get.o
 .comment       0x0000000000000000       0x71 binaries/future_set.o
 .comment       0x0000000000000000       0x71 binaries/getbuf.o
 .comment       0x0000000000000000       0x71 binaries/getc.o
 .comment       0x0000000000000000       0x71 binaries/getdev.o
 .comment       0x0000000000000000       0x71 binaries/getitem.o
 .comment       0x0000000000000000       0x71 binaries/getmem.o
 .comment       0x0000000000000000       0x71 binaries/getownstk.o
 .comment       0x0000000000000000       0x71 binaries/getpid.o
 .comment       0x0000000000000000       0x71 binaries/getprio.o
 .comment       0x0000000000000000       0x71 binaries/getstk.o
 .comment       0x0000000000000000       0x71 binaries/gettime.o
 .comment       0x0000000000000000       0x71 binaries/getutime.o
 .comment       0x0000000000000000       0x71 binaries/init.o
 .comment       0x0000000000000000       0x71 binaries/initialize.o
 .comment       0x0000000000000000       0x71 binaries/insert.o
 .comment       0x0000000000000000       0x71 binaries/insertd.o
 .comment       0x0000000000000000       0x71 binaries/ioerr.o
 .comment       0x0000000000000000       0x71 binaries/ionull.o
 .comment       0x0000000000000000       0x71 binaries/kill.o
 .comment       0x0000000000000000       0x71 binaries/kprintf.o
 .comment       0x0000000000000000       0x71 binaries/main.o
 .comment       0x0000000000000000       0x71 binaries/mark.o
 .comment       0x0000000000000000       0x71 binaries/meminit.o
 .comment       0x0000000000000000       0x71 binaries/mkbufpool.o
 .comment       0x0000000000000000       0x71 binaries/newqueue.o
 .comment       0x0000000000000000       0x71 binaries/open.o
 .comment       0x0000000000000000       0x71 binaries/own_create.o
 .comment       0x0000000000000000       0x71 binaries/own_getmem.o
 .comment       0x0000000000000000       0x71 binaries/own_kill.o
 .comment       0x0000000000000000       0x71 binaries/panic.o
 .comment       0x0000000000000000       0x71 binaries/platinit.o
 .comment       0x0000000000000000       0x71 binaries/printFreeMem.o
 .comment       0x0000000000000000       0x71 binaries/ptclear.o
 .comment       0x0000000000000000       0x71 binaries/ptcount.o
 .comment       0x0000000000000000       0x71 binaries/ptcreate.o
 .comment       0x0000000000000000       0x71 binaries/ptdelete.o
 .comment       0x0000000000000000       0x71 binaries/ptinit.o
 .comment       0x0000000000000000       0x71 binaries/ptrecv.o
 .comment       0x0000000000000000       0x71 binaries/ptreset.o
 .comment       0x0000000000000000       0x71 binaries/ptsend.o
 .comment       0x0000000000000000       0x71 binaries/putc.o
 .comment       0x0000000000000000       0x71 binaries/queue.o
 .comment       0x0000000000000000       0x71 binaries/read.o
 .comment       0x0000000000000000       0x71 binaries/ready.o
 .comment       0x0000000000000000       0x71 binaries/receive.o
 .comment       0x0000000000000000       0x71 binaries/recvclr.o
 .comment       0x0000000000000000       0x71 binaries/recvtime.o
 .comment       0x0000000000000000       0x71 binaries/resched.o
 .comment       0x0000000000000000       0x71 binaries/resume.o
 .comment       0x0000000000000000       0x71 binaries/seek.o
 .comment       0x0000000000000000       0x71 binaries/semcount.o
 .comment       0x0000000000000000       0x71 binaries/semcreate.o
 .comment       0x0000000000000000       0x71 binaries/semdelete.o
 .comment       0x0000000000000000       0x71 binaries/semreset.o
 .comment       0x0000000000000000       0x71 binaries/send.o
 .comment       0x0000000000000000       0x71 binaries/signal.o
 .comment       0x0000000000000000       0x71 binaries/signaln.o
 .comment       0x0000000000000000       0x71 binaries/sleep.o
 .comment       0x0000000000000000       0x71 binaries/suspend.o
 .comment       0x0000000000000000       0x71 binaries/unsleep.o
 .comment       0x0000000000000000       0x71 binaries/userret.o
 .comment       0x0000000000000000       0x71 binaries/wait.o
 .comment       0x0000000000000000       0x71 binaries/wakeup.o
 .comment       0x0000000000000000       0x71 binaries/write.o
 .comment       0x0000000000000000       0x71 binaries/xdone.o
 .comment       0x0000000000000000       0x71 binaries/yield.o
 .comment       0x0000000000000000       0x71 binaries/abs.o
 .comment       0x0000000000000000       0x71 binaries/atoi.o
 .comment       0x0000000000000000       0x71 binaries/atol.o
 .comment       0x0000000000000000       0x71 binaries/bzero.o
 .comment       0x0000000000000000       0x71 binaries/ctype_.o
 .comment       0x0000000000000000       0x71 binaries/doprnt.o
 .comment       0x0000000000000000       0x71 binaries/doscan.o
 .comment       0x0000000000000000       0x71 binaries/fdoprnt.o
 .comment       0x0000000000000000       0x71 binaries/fgetc.o
 .comment       0x0000000000000000       0x71 binaries/fgets.o
 .comment       0x0000000000000000       0x71 binaries/fprintf.o
 .comment       0x0000000000000000       0x71 binaries/fputc.o
 .comment       0x0000000000000000       0x71 binaries/fputs.o
 .comment       0x0000000000000000       0x71 binaries/fscanf.o
 .comment       0x0000000000000000       0x71 binaries/getchar.o
 .comment       0x0000000000000000       0x71 binaries/labs.o
 .comment       0x0000000000000000       0x71 binaries/memchr.o
 .comment       0x0000000000000000       0x71 binaries/memcmp.o
 .comment       0x0000000000000000       0x71 binaries/memcpy.o
 .comment       0x0000000000000000       0x71 binaries/memset.o
 .comment       0x0000000000000000       0x71 binaries/printf.o
 .comment       0x0000000000000000       0x71 binaries/putchar.o
 .comment       0x0000000000000000       0x71 binaries/qsort.o
 .comment       0x0000000000000000       0x71 binaries/rand.o
 .comment       0x0000000000000000       0x71 binaries/sprintf.o
 .comment       0x0000000000000000       0x71 binaries/sscanf.o
 .comment       0x0000000000000000       0x71 binaries/strchr.o
 .comment       0x0000000000000000       0x71 binaries/strcmp.o
 .comment       0x0000000000000000       0x71 binaries/strcpy.o
 .comment       0x0000000000000000       0x71 binaries/strlen.o
 .comment       0x0000000000000000       0x71 binaries/strncat.o
 .comment       0x0000000000000000       0x71 binaries/strncmp.o
 .comment       0x0000000000000000       0x71 binaries/strncpy.o
 .comment       0x0000000000000000       0x71 binaries/strnlen.o
 .comment       0x0000000000000000       0x71 binaries/strrchr.o
 .comment       0x0000000000000000       0x71 binaries/strstr.o
 .comment       0x0000000000000000       0x71 binaries/ttycontrol.o
 .comment       0x0000000000000000       0x71 binaries/ttygetc.o
 .comment       0x0000000000000000       0x71 binaries/ttyhandle_in.o
 .comment       0x0000000000000000       0x71 binaries/ttyhandle_out.o
 .comment       0x0000000000000000       0x71 binaries/ttyhandler.o
 .comment       0x0000000000000000       0x71 binaries/ttyinit.o
 .comment       0x0000000000000000       0x71 binaries/ttykickout.o
 .comment       0x0000000000000000       0x71 binaries/ttyputc.o
 .comment       0x0000000000000000       0x71 binaries/ttyread.o
 .comment       0x0000000000000000       0x71 binaries/ttywrite.o
 .comment       0x0000000000000000       0x71 binaries/mount.o
 .comment       0x0000000000000000       0x71 binaries/naminit.o
 .comment       0x0000000000000000       0x71 binaries/nammap.o
 .comment       0x0000000000000000       0x71 binaries/namopen.o
 .comment       0x0000000000000000       0x71 binaries/colon2mac.o
 .comment       0x0000000000000000       0x71 binaries/ethcontrol.o
 .comment       0x0000000000000000       0x71 binaries/ethhandler.o
 .comment       0x0000000000000000       0x71 binaries/ethinit.o
 .comment       0x0000000000000000       0x71 binaries/ethread.o
 .comment       0x0000000000000000       0x71 binaries/ethwrite.o
 .comment       0x0000000000000000       0x71 binaries/rdsbufalloc.o
 .comment       0x0000000000000000       0x71 binaries/rdsclose.o
 .comment       0x0000000000000000       0x71 binaries/rdscomm.o
 .comment       0x0000000000000000       0x71 binaries/rdscontrol.o
 .comment       0x0000000000000000       0x71 binaries/rdsinit.o
 .comment       0x0000000000000000       0x71 binaries/rdsopen.o
 .comment       0x0000000000000000       0x71 binaries/rdsprocess.o
 .comment       0x0000000000000000       0x71 binaries/rdsread.o
 .comment       0x0000000000000000       0x71 binaries/rdswrite.o
 .comment       0x0000000000000000       0x71 binaries/ramclose.o
 .comment       0x0000000000000000       0x71 binaries/raminit.o
 .comment       0x0000000000000000       0x71 binaries/ramopen.o
 .comment       0x0000000000000000       0x71 binaries/ramread.o
 .comment       0x0000000000000000       0x71 binaries/ramwrite.o
 .comment       0x0000000000000000       0x71 binaries/lfdballoc.o
 .comment       0x0000000000000000       0x71 binaries/lfdbfree.o
 .comment       0x0000000000000000       0x71 binaries/lfflush.o
 .comment       0x0000000000000000       0x71 binaries/lfgetmode.o
 .comment       0x0000000000000000       0x71 binaries/lfiballoc.o
 .comment       0x0000000000000000       0x71 binaries/lfibclear.o
 .comment       0x0000000000000000       0x71 binaries/lfibget.o
 .comment       0x0000000000000000       0x71 binaries/lfibput.o
 .comment       0x0000000000000000       0x71 binaries/lflclose.o
 .comment       0x0000000000000000       0x71 binaries/lflcontrol.o
 .comment       0x0000000000000000       0x71 binaries/lflgetc.o
 .comment       0x0000000000000000       0x71 binaries/lflinit.o
 .comment       0x0000000000000000       0x71 binaries/lflputc.o
 .comment       0x0000000000000000       0x71 binaries/lflread.o
 .comment       0x0000000000000000       0x71 binaries/lflseek.o
 .comment       0x0000000000000000       0x71 binaries/lflwrite.o
 .comment       0x0000000000000000       0x71 binaries/lfsckfmt.o
 .comment       0x0000000000000000       0x71 binaries/lfscreate.o
 .comment       0x0000000000000000       0x71 binaries/lfsetup.o
 .comment       0x0000000000000000       0x71 binaries/lfsinit.o
 .comment       0x0000000000000000       0x71 binaries/lfsopen.o
 .comment       0x0000000000000000       0x71 binaries/lftruncate.o
 .comment       0x0000000000000000       0x71 binaries/rflclose.o
 .comment       0x0000000000000000       0x71 binaries/rflgetc.o
 .comment       0x0000000000000000       0x71 binaries/rflinit.o
 .comment       0x0000000000000000       0x71 binaries/rflputc.o
 .comment       0x0000000000000000       0x71 binaries/rflread.o
 .comment       0x0000000000000000       0x71 binaries/rflseek.o
 .comment       0x0000000000000000       0x71 binaries/rflwrite.o
 .comment       0x0000000000000000       0x71 binaries/rfscomm.o
 .comment       0x0000000000000000       0x71 binaries/rfscontrol.o
 .comment       0x0000000000000000       0x71 binaries/rfsgetmode.o
 .comment       0x0000000000000000       0x71 binaries/rfsinit.o
 .comment       0x0000000000000000       0x71 binaries/rfsndmsg.o
 .comment       0x0000000000000000       0x71 binaries/rfsopen.o
 .comment       0x0000000000000000       0x71 binaries/arp.o
 .comment       0x0000000000000000       0x71 binaries/dhcp.o
 .comment       0x0000000000000000       0x71 binaries/dns.o
 .comment       0x0000000000000000       0x71 binaries/dot2ip.o
 .comment       0x0000000000000000       0x71 binaries/hexdump.o
 .comment       0x0000000000000000       0x71 binaries/icmp.o
 .comment       0x0000000000000000       0x71 binaries/ip.o
 .comment       0x0000000000000000       0x71 binaries/net.o
 .comment       0x0000000000000000       0x71 binaries/netstart.o
 .comment       0x0000000000000000       0x71 binaries/pdump.o
 .comment       0x0000000000000000       0x71 binaries/tftp.o
 .comment       0x0000000000000000       0x71 binaries/udp.o
 .comment       0x0000000000000000       0x71 binaries/addargs.o
 .comment       0x0000000000000000       0x71 binaries/lexan.o
 .comment       0x0000000000000000       0x71 binaries/shell.o
 .comment       0x0000000000000000       0x71 binaries/xsh_argecho.o
 .comment       0x0000000000000000       0x71 binaries/xsh_arp.o
 .comment       0x0000000000000000       0x71 binaries/xsh_cat.o
 .comment       0x0000000000000000       0x71 binaries/xsh_clear.o
 .comment       0x0000000000000000       0x71 binaries/xsh_date.o
 .comment       0x0000000000000000       0x71 binaries/xsh_devdump.o
 .comment       0x0000000000000000       0x71 binaries/xsh_echo.o
 .comment       0x0000000000000000       0x71 binaries/xsh_exit.o
 .comment       0x0000000000000000       0x71 binaries/xsh_hello.o
 .comment       0x0000000000000000       0x71 binaries/xsh_help.o
 .comment       0x0000000000000000       0x71 binaries/xsh_ipaddr.o
 .comment       0x0000000000000000       0x71 binaries/xsh_kill.o
 .comment       0x0000000000000000       0x71 binaries/xsh_led.o
 .comment       0x0000000000000000       0x71 binaries/xsh_memdump.o
 .comment       0x0000000000000000       0x71 binaries/xsh_memmanage.o
 .comment       0x0000000000000000       0x71 binaries/xsh_memstat.o
 .comment       0x0000000000000000       0x71 binaries/xsh_own_net.o
 .comment       0x0000000000000000       0x71 binaries/xsh_ping.o
 .comment       0x0000000000000000       0x71 binaries/xsh_prodcons.o
 .comment       0x0000000000000000       0x71 binaries/xsh_ps.o
 .comment       0x0000000000000000       0x71 binaries/xsh_reset.o
 .comment       0x0000000000000000       0x71 binaries/xsh_sleep.o
 .comment       0x0000000000000000       0x71 binaries/xsh_udpdump.o
 .comment       0x0000000000000000       0x71 binaries/xsh_udpecho.o
 .comment       0x0000000000000000       0x71 binaries/xsh_udpeserver.o
 .comment       0x0000000000000000       0x71 binaries/xsh_uptime.o
 .comment       0x0000000000000000       0x71 binaries/consume.o
 .comment       0x0000000000000000       0x71 binaries/future_cons.o
 .comment       0x0000000000000000       0x71 binaries/future_prod.o
 .comment       0x0000000000000000       0x71 binaries/net_cons.o
 .comment       0x0000000000000000       0x71 binaries/net_prod.o
 .comment       0x0000000000000000       0x71 binaries/proc_function.o
 .comment       0x0000000000000000       0x71 binaries/produce.o
 .comment       0x0000000000000000       0x71 binaries/xinu_client.o

.debug_frame    0x0000000000000000       0x40
 .debug_frame   0x0000000000000000       0x20 /usr/lib/gcc/arm-none-eabi/4.9.3/libgcc.a(_udivsi3.o)
 .debug_frame   0x0000000000000020       0x20 /usr/lib/gcc/arm-none-eabi/4.9.3/libgcc.a(_divsi3.o)
